A51 MACRO ASSEMBLER  TECSERIE                                                             12/01/2007 15:27:26 PAGE     1


MACRO ASSEMBLER A51 V6.23
OBJECT MODULE PLACED IN tecserie.OBJ
ASSEMBLER INVOKED BY: C:\Keil\C51\BIN\A51.EXE tecserie.a SET(SMALL) DEBUG EP

LOC  OBJ            LINE     SOURCE

  00A0                 1     puerto_teclado_0 EQU P2.0
  00A1                 2     puerto_teclado_1 EQU P2.1
  00A2                 3     puerto_teclado_2 EQU P2.2
  00A3                 4     puerto_teclado_3 EQU P2.3
  00A4                 5     puerto_teclado_4 EQU P2.4
  00A5                 6     puerto_teclado_5 EQU P2.5
  00A6                 7     puerto_teclado_6 EQU P2.6
  00A7                 8     puerto_teclado_7 EQU P2.7
                       9     
----                  10     dseg at 0x20
0020                  11                     tecla_byte_1: ds 1
----                  12     dseg at 0x28
0028                  13                     tecla_byte_2: ds 1
                      14     
----                  15     cseg
                      16     
                      17     ;1 ciclo de maquina lleva (1/33 Mhz) * 12 = aprox. 0.3 us
                      18     ;255 movs serían aprox. 80 us
                      19     ;200*255 movs serían aprox 16 ms
0000 7520FF           20                     mov tecla_byte_1, #0xff ;Ninguna apretada inicialmente
0003 7528FF           21                     mov tecla_byte_2, #0xff ;Ninguna apretada inicialmente
                      22     
0006 D2A0             23                     setb puerto_teclado_0 ;Pin para lectura
0008 D2A1             24                     setb puerto_teclado_1 ;Pin para lectura
000A D2A2             25                     setb puerto_teclado_2 ;Pin para lectura
000C D2A3             26                     setb puerto_teclado_3 ;Pin para lectura
                      27     
                      28                     ;Habilito el puerto serie con SCON.     Modo 1
000E C29F             29                     clr SM0 ;SM0=0
0010 D29E             30                     setb SM1 ;SM1=1
                      31                     ;Configuro el timer1 en Modo 2 (8 bits autoreload)
0012 758920           32                     MOV TMOD, #0x20
                      33                     ;Pongo TH1 en contar 18
0015 758DEE           34                     MOV TH1, #238
0018 758BEE           35                     MOV TL1, #238
                      36                     ;Pongo SMOD en 0 para NO duplicar el baud rate
001B 438780           37                     ORL PCON, #0x80
                      38                     ;Activo el timer 1
001E D28E             39                     setb TR1
                      40     
0020 D299             41                     setb TI
0022 7A41             42                     mov R2, #'A'
                      43     
0024 7864             44     inicio: mov R0, #100
0026 79FF             45     mas:    mov R1, #255
0028 D9FE             46                     djnz R1,$
002A D8FA             47                     djnz R0, mas
                      48     
002C 1130             49                     call revisar_teclado
002E 80F4             50                 jmp inicio
                      51     
0030                  52     revisar_teclado:
0030 C2A4             53                     clr puerto_teclado_4 ;Exploro primera columna
                      54                     
0032 20A006           55                     jb puerto_teclado_0, suelta_0
0035 7A41             56                     mov R2, #'A'
0037 1145             57                     call enviar_tecla
0039 8000             58                     jmp sig_0
A51 MACRO ASSEMBLER  TECSERIE                                                             12/01/2007 15:27:26 PAGE     2

003B                  59     suelta_0:
                      60                             
003B                  61     sig_0:
                      62     
                      63     
003B 20A106           64                     jb puerto_teclado_1, suelta_1
003E 7A42             65                     mov R2, #'B'
0040 1145             66                     call enviar_tecla
0042 8000             67                     jmp sig_1
0044                  68     suelta_1:
                      69                             
0044                  70     sig_1:
                      71     
                      72     
0044 22               73                     ret
                      74     
0045                  75     enviar_tecla:
0045 3099FD           76                     jnb TI, $ ;Cuando el micro termina la transmisión, avisará seteando TI
0048 C299             77                     clr TI 
004A 8A99             78                     mov SBUF, R2
004C 22               79                     ret
                      80     
                      81     end
A51 MACRO ASSEMBLER  TECSERIE                                                             12/01/2007 15:27:26 PAGE     3

SYMBOL TABLE LISTING
------ ----- -------


N A M E             T Y P E  V A L U E   ATTRIBUTES

ENVIAR_TECLA . . .  C ADDR   0045H   A   
INICIO . . . . . .  C ADDR   0024H   A   
MAS. . . . . . . .  C ADDR   0026H   A   
P2 . . . . . . . .  D ADDR   00A0H   A   
PCON . . . . . . .  D ADDR   0087H   A   
PUERTO_TECLADO_0 .  B ADDR   00A0H.0 A   
PUERTO_TECLADO_1 .  B ADDR   00A0H.1 A   
PUERTO_TECLADO_2 .  B ADDR   00A0H.2 A   
PUERTO_TECLADO_3 .  B ADDR   00A0H.3 A   
PUERTO_TECLADO_4 .  B ADDR   00A0H.4 A   
PUERTO_TECLADO_5 .  B ADDR   00A0H.5 A   
PUERTO_TECLADO_6 .  B ADDR   00A0H.6 A   
PUERTO_TECLADO_7 .  B ADDR   00A0H.7 A   
REVISAR_TECLADO. .  C ADDR   0030H   A   
SBUF . . . . . . .  D ADDR   0099H   A   
SIG_0. . . . . . .  C ADDR   003BH   A   
SIG_1. . . . . . .  C ADDR   0044H   A   
SM0. . . . . . . .  B ADDR   0098H.7 A   
SM1. . . . . . . .  B ADDR   0098H.6 A   
SUELTA_0 . . . . .  C ADDR   003BH   A   
SUELTA_1 . . . . .  C ADDR   0044H   A   
TECLA_BYTE_1 . . .  D ADDR   0020H   A   
TECLA_BYTE_2 . . .  D ADDR   0028H   A   
TH1. . . . . . . .  D ADDR   008DH   A   
TI . . . . . . . .  B ADDR   0098H.1 A   
TL1. . . . . . . .  D ADDR   008BH   A   
TMOD . . . . . . .  D ADDR   0089H   A   
TR1. . . . . . . .  B ADDR   0088H.6 A   


REGISTER BANK(S) USED: 0 


ASSEMBLY COMPLETE.  0 WARNING(S), 0 ERROR(S)
