BL51 BANKED LINKER/LOCATER V6.02                                                        11/10/2007  11:18:12  PAGE 1


BL51 BANKED LINKER/LOCATER V6.02, INVOKED BY:
C:\ARCHIVOS DE PROGRAMA\KEIL\C51\BIN\BL51.EXE tecserie.obj TO tecserie RAMSIZE (256)


INPUT MODULES INCLUDED:
  tecserie.obj (TECSERIE)


LINK MAP OF MODULE:  tecserie (TECSERIE)


            TYPE    BASE      LENGTH    RELOCATION   SEGMENT NAME
            -----------------------------------------------------

            * * * * * * *   D A T A   M E M O R Y   * * * * * * *
            REG     0000H     0008H     ABSOLUTE     "REG BANK 0"
                    0008H     0018H                  *** GAP ***
            DATA    0020H     0001H     ABSOLUTE     
                    0021H     0007H                  *** GAP ***
            DATA    0028H     0001H     ABSOLUTE     

            * * * * * * *   C O D E   M E M O R Y   * * * * * * *
            CODE    0000H     0048H     ABSOLUTE     



SYMBOL TABLE OF MODULE:  tecserie (TECSERIE)

  VALUE           TYPE          NAME
  ----------------------------------

  -------         MODULE        TECSERIE
  C:0040H         SYMBOL        ENVIAR_TECLA
  C:001FH         SYMBOL        INICIO
  C:0021H         SYMBOL        MAS
  D:00A0H         SYMBOL        P2
  D:0087H         SYMBOL        PCON
  B:00A0H.0       SYMBOL        PUERTO_TECLADO_0
  B:00A0H.1       SYMBOL        PUERTO_TECLADO_1
  B:00A0H.2       SYMBOL        PUERTO_TECLADO_2
  B:00A0H.3       SYMBOL        PUERTO_TECLADO_3
  B:00A0H.4       SYMBOL        PUERTO_TECLADO_4
  B:00A0H.5       SYMBOL        PUERTO_TECLADO_5
  B:00A0H.6       SYMBOL        PUERTO_TECLADO_6
  B:00A0H.7       SYMBOL        PUERTO_TECLADO_7
  C:002BH         SYMBOL        REVISAR_TECLADO
  D:0099H         SYMBOL        SBUF
  C:0036H         SYMBOL        SIG_0
  C:003FH         SYMBOL        SIG_1
  B:0098H.7       SYMBOL        SM0
  B:0098H.6       SYMBOL        SM1
  C:0036H         SYMBOL        SUELTA_0
  C:003FH         SYMBOL        SUELTA_1
  D:0020H         SYMBOL        TECLA_BYTE_1
  D:0028H         SYMBOL        TECLA_BYTE_2
  D:008DH         SYMBOL        TH1
  B:0098H.1       SYMBOL        TI
  D:0089H         SYMBOL        TMOD
BL51 BANKED LINKER/LOCATER V6.02                                                      11/10/2007  11:18:12  PAGE 2


  C:0000H         LINE#         20
  C:0003H         LINE#         21
  C:0006H         LINE#         23
  C:0008H         LINE#         24
  C:000AH         LINE#         25
  C:000CH         LINE#         26
  C:000EH         LINE#         29
  C:0010H         LINE#         30
  C:0012H         LINE#         32
  C:0015H         LINE#         34
  C:0018H         LINE#         36
  C:001BH         LINE#         38
  C:001DH         LINE#         39
  C:001FH         LINE#         41
  C:0021H         LINE#         42
  C:0023H         LINE#         43
  C:0025H         LINE#         44
  C:0027H         LINE#         46
  C:0029H         LINE#         47
  C:002BH         LINE#         50
  C:002DH         LINE#         52
  C:0030H         LINE#         53
  C:0032H         LINE#         54
  C:0034H         LINE#         55
  C:0036H         LINE#         61
  C:0039H         LINE#         62
  C:003BH         LINE#         63
  C:003DH         LINE#         64
  C:003FH         LINE#         70
  C:0040H         LINE#         73
  C:0043H         LINE#         74
  C:0045H         LINE#         75
  C:0047H         LINE#         76
  -------         ENDMOD        TECSERIE

Program Size: data=10.0 xdata=0 code=72
LINK/LOCATE RUN COMPLETE.  0 WARNING(S),  0 ERROR(S)
