A51 MACRO ASSEMBLER  TV                                                                   10/06/2007 12:55:00 PAGE     1


MACRO ASSEMBLER A51 V8.00b
OBJECT MODULE PLACED IN .\Output\tv.obj
ASSEMBLER INVOKED BY: C:\Keil3\C51\BIN\A51.EXE tv.A51 SET(SMALL) DEBUG OBJECT(.\Output\tv.obj) EP

LOC  OBJ            LINE     SOURCE

  00C0                 1     blanco          EQU 0xC0
  0040                 2     negro           EQU 0x40
  0080                 3     gris            EQU 0x80
  0020                 4     sincro_val      EQU 0x20
                       5     
                       6     
                       7     ; Prueba a 33 MHz. Uso muchas instrucciones...
                       8     
                       9     
----                  10     cseg
                      11     
0000 7912             12     inicio:                 mov R1,#18
0002 11D4             13     patron:                 call sincro
0004 1166             14                                     call linea_alt
0006 00               15                                     nop
0007 00               16                                     nop
0008 11D4             17                                     call sincro
000A 1166             18                                     call linea_alt
000C 00               19                                     nop
000D 00               20                                     nop
000E 11D4             21                                     call sincro
0010 1166             22                                     call linea_alt
0012 00               23                                     nop
0013 00               24                                     nop
0014 11D4             25                                     call sincro
0016 1166             26                                     call linea_alt
0018 00               27                                     nop
0019 00               28                                     nop
001A 11D4             29                                     call sincro
001C 1166             30                                     call linea_alt
001E 00               31                                     nop
001F 00               32                                     nop
0020 11D4             33                                     call sincro
0022 1166             34                                     call linea_alt
0024 00               35                                     nop
0025 00               36                                     nop
0026 11D4             37                                     call sincro
0028 1166             38                                     call linea_alt
002A 00               39                                     nop
002B 00               40                                     nop
002C 11D4             41                                     call sincro
002E 1166             42                                     call linea_alt
0030 00               43                                     nop
0031 00               44                                     nop
0032 11D4             45                                     call sincro
0034 119D             46                                     call linea_alt2
0036 00               47                                     nop
0037 00               48                                     nop
0038 11D4             49                                     call sincro
003A 119D             50                                     call linea_alt2
003C 00               51                                     nop
003D 00               52                                     nop
003E 11D4             53                                     call sincro
0040 119D             54                                     call linea_alt2
0042 00               55                                     nop
0043 00               56                                     nop
0044 11D4             57                                     call sincro
0046 119D             58                                     call linea_alt2
A51 MACRO ASSEMBLER  TV                                                                   10/06/2007 12:55:00 PAGE     2

0048 00               59                                     nop
0049 00               60                                     nop
004A 11D4             61                                     call sincro
004C 119D             62                                     call linea_alt2
004E 00               63                                     nop
004F 00               64                                     nop
0050 11D4             65                                     call sincro
0052 119D             66                                     call linea_alt2
0054 00               67                                     nop
0055 00               68                                     nop
0056 11D4             69                                     call sincro
0058 119D             70                                     call linea_alt2
005A 00               71                                     nop
005B 00               72                                     nop
005C 11D4             73                                     call sincro
005E 119D             74                                     call linea_alt2
0060 D9A0             75                                     djnz R1, patron
0062 11E7             76                                     call sincro_vertical
0064 809A             77                                     jmp inicio
                      78     
0066                  79     linea_alt:
                      80     
                      81                             REPT 6
                      82     
                      83                                     mov P2, #negro          ; 24 ciclos a 33 MHz: 0.72 us
                      84                                     mov P2, #gris           ; 24 ciclos a 33 MHz: 0.72 us
                      85                                     mov P2, #blanco ; 24 ciclos a 33 MHz: 0.72 us
                      86     
                      87                             ENDM    ; 35 x 1.44 us = 50.4 us + o - una línea
                     118     
009C 22              119                                     ret
                     120     
009D                 121     linea_alt2:
                     122     
                     123                             REPT 6
                     124     
                     125                                     mov P2, #blanco         ; 24 ciclos a 33 MHz: 0.72 us
                     126                                     mov P2, #gris           ; 24 ciclos a 33 MHz: 0.72 us
                     127                                     mov P2, #negro  ; 24 ciclos a 33 MHz: 0.72 us
                     128     
                     129                             ENDM    ; 35 x 1.44 us = 50.4 us + o - una línea
                     160     
00D3 22              161                                     ret
                     162     
00D4 75A040          163     sincro:                 mov P2, #negro  ; 24 ciclos a 33 MHz: 0.72 us -> front porch
                     164             
                     165     
                     166                             REPT 2
                     167     
                     168                                     mov P2, #sincro_val     ; 24 ciclos a 33 MHz: 0.72 us
                     169     
                     170                             ENDM    ; 7 x 0.72 us = 5.04 us -> sync
                     177     
                     178     
                     179     
                     180                             REPT 3  
                     181                                     mov P2, #negro  ; 24 ciclos a 33 MHz: 0.72 us
                     182                             ENDM    ; 7 x 0.72 us = 5.04 us -> back porch
                     186     
00E6 22              187                                     ret
                     188     
00E7                 189     sincro_vertical:
                     190     
00E7 7A06            191                             mov R2,#6
00E9                 192     pulso_1:        REPT 2
                     193                                     mov P2, #sincro_val     ; 24 ciclos a 33 MHz: 0.72 us
A51 MACRO ASSEMBLER  TV                                                                   10/06/2007 12:55:00 PAGE     3

                     194                             ENDM    ; 7 x 0.72 us = 5.04 us -> sync
00EF 75A0C0          197                             mov P2, #blanco
00F2 790A            198                             mov R1,#10
00F4 D9FE            199     loop_1:         djnz R1, loop_1
00F6 DAF1            200                             djnz R2, pulso_1
                     201     
                     202     
00F8 7A05            203                             mov R2,#5
00FA 75A020          204     pulso_2:        mov P2, #sincro_val
00FD 790A            205                             mov R1,#10
00FF D9FE            206     loop_2:         djnz R1, loop_2
                     207                             REPT 2
                     208                                     mov P2, #blanco ; 24 ciclos a 33 MHz: 0.72 us
                     209                             ENDM    ; 7 x 0.72 us = 5.04 us -> sync
0107 DAF1            212                             djnz R2, pulso_2
                     213     
                     214     
0109 7A05            215                             mov R2,#5
010B                 216     pulso_3:        REPT 2
                     217                                     mov P2, #sincro_val     ; 24 ciclos a 33 MHz: 0.72 us
                     218                             ENDM    ; 7 x 0.72 us = 5.04 us -> sync
0111 75A0C0          221                             mov P2, #blanco
0114 790A            222                             mov R1,#10
0116 D9FE            223     loop_3:         djnz R1, loop_3
0118 DAF1            224                             djnz R2, pulso_3
                     225     
011A 22              226                             ret
                     227     
                     228     end
                                                       
A51 MACRO ASSEMBLER  TV                                                                   10/06/2007 12:55:00 PAGE     4

SYMBOL TABLE LISTING
------ ----- -------


N A M E             T Y P E  V A L U E   ATTRIBUTES

BLANCO . . . . . .  N NUMB   00C0H   A   
GRIS . . . . . . .  N NUMB   0080H   A   
INICIO . . . . . .  C ADDR   0000H   A   
LINEA_ALT. . . . .  C ADDR   0066H   A   
LINEA_ALT2 . . . .  C ADDR   009DH   A   
LOOP_1 . . . . . .  C ADDR   00F4H   A   
LOOP_2 . . . . . .  C ADDR   00FFH   A   
LOOP_3 . . . . . .  C ADDR   0116H   A   
NEGRO. . . . . . .  N NUMB   0040H   A   
P2 . . . . . . . .  D ADDR   00A0H   A   
PATRON . . . . . .  C ADDR   0002H   A   
PULSO_1. . . . . .  C ADDR   00E9H   A   
PULSO_2. . . . . .  C ADDR   00FAH   A   
PULSO_3. . . . . .  C ADDR   010BH   A   
SINCRO . . . . . .  C ADDR   00D4H   A   
SINCRO_VAL . . . .  N NUMB   0020H   A   
SINCRO_VERTICAL. .  C ADDR   00E7H   A   


REGISTER BANK(S) USED: 0 


ASSEMBLY COMPLETE.  0 WARNING(S), 0 ERROR(S)
