A51 MACRO ASSEMBLER  TECSOUN2                                                             10/28/2007 23:27:50 PAGE     1


MACRO ASSEMBLER A51 V8.00d
OBJECT MODULE PLACED IN tecsoun2.OBJ
ASSEMBLER INVOKED BY: C:\Keil\C51\BIN\A51.EXE tecsoun2.a SET(SMALL) DEBUG EP

LOC  OBJ            LINE     SOURCE

  00A0                 1     puerto_teclado_0 EQU P2.0
  00A1                 2     puerto_teclado_1 EQU P2.1
  00A2                 3     puerto_teclado_2 EQU P2.2
  00A3                 4     puerto_teclado_3 EQU P2.3
  00A4                 5     puerto_teclado_4 EQU P2.4
  00A5                 6     puerto_teclado_5 EQU P2.5
  00A6                 7     puerto_teclado_6 EQU P2.6
  00A7                 8     puerto_teclado_7 EQU P2.7
  0004                 9     nota_1 EQU 0x04
  0008                10     nota_2 EQU 0x08
  0010                11     nota_3 EQU 0x10
  0020                12     nota_4 EQU 0x20
                      13     
----                  14     dseg at 0x20
0020                  15                     tecla_byte_1: ds 1
----                  16     dseg at 0x28
0028                  17                     tecla_byte_2: ds 1
                      18     
----                  19     cseg
                      20     
                      21     ;1 ciclo de maquina lleva (1/33 Mhz) * 12 = aprox. 0.3 us
                      22     ;255 movs serían aprox. 80 us
                      23     ;200*255 movs serían aprox 16 ms
0000 7520FF           24                     mov tecla_byte_1, #0xff ;Ninguna apretada inicialmente
0003 7528FF           25                     mov tecla_byte_2, #0xff ;Ninguna apretada inicialmente
                      26     
0006 758000           27                     mov P0, #0 ;Limpio para que no se reproduzca ninguna nota
0009 D2A0             28                     setb puerto_teclado_0 ;Pin para lectura
000B D2A1             29                     setb puerto_teclado_1 ;Pin para lectura
000D D2A2             30                     setb puerto_teclado_2 ;Pin para lectura
000F D2A3             31                     setb puerto_teclado_3 ;Pin para lectura
                      32     
0011 78C8             33     inicio: mov R0, #200
0013 79FF             34     mas:    mov R1, #255
0015 D9FE             35                     djnz R1,$
0017 D8FA             36                     djnz R0, mas
0019 111D             37                     call revisar_teclado
001B 80F4             38                 jmp inicio
                      39     
001D                  40     revisar_teclado:
001D C2A4             41                     clr puerto_teclado_4 ;Exploro primera columna
                      42                     
001F 20A00B           43                     jb puerto_teclado_0, suelta_0
0022 30070D           44                     jnb tecla_byte_1.7, sig_0 ;Se presiono tecla(1,1)
0025 C207             45                     clr tecla_byte_1.7 ;Marco que ahora esta presionada
0027 117E             46                     call soltar_nota
0029 116E             47                     call tocar_nota_1
002B 8005             48                     jmp sig_0
002D                  49     suelta_0:
002D 200702           50                     jb tecla_byte_1.7, sig_0 ;Ahora estaba suelta
0030 D207             51                     setb tecla_byte_1.7 ;Marco que ahora esta suelta                        
0032                  52     sig_0:
                      53     
0032 20A10B           54                     jb puerto_teclado_1, suelta_1
0035 30060D           55                     jnb tecla_byte_1.6, sig_1 ;Se presiono tecla(1,1)
0038 C206             56                     clr tecla_byte_1.6 ;Marco que ahora esta presionada
003A 117E             57                     call soltar_nota
003C 1172             58                     call tocar_nota_2
A51 MACRO ASSEMBLER  TECSOUN2                                                             10/28/2007 23:27:50 PAGE     2

003E 8005             59                     jmp sig_1
0040                  60     suelta_1:
0040 200602           61                     jb tecla_byte_1.6, sig_1 ;Ahora estaba suelta
0043 D206             62                     setb tecla_byte_1.6 ;Marco que ahora esta suelta                        
0045                  63     sig_1:
                      64     
0045 20A20B           65                     jb puerto_teclado_2, suelta_2
0048 30050D           66                     jnb tecla_byte_1.5, sig_2 ;Se presiono tecla(1,1)
004B C205             67                     clr tecla_byte_1.5 ;Marco que ahora esta presionada
004D 117E             68                     call soltar_nota
004F 1176             69                     call tocar_nota_3
0051 8005             70                     jmp sig_2
0053                  71     suelta_2:
0053 200502           72                     jb tecla_byte_1.5, sig_2 ;Ahora estaba suelta
0056 D205             73                     setb tecla_byte_1.5 ;Marco que ahora esta suelta                        
0058                  74     sig_2:
                      75     
0058 20A30B           76                     jb puerto_teclado_3, suelta_3
005B 30040D           77                     jnb tecla_byte_1.4, sig_3 ;Se presiono tecla(1,1)
005E C204             78                     clr tecla_byte_1.4 ;Marco que ahora esta presionada
0060 117E             79                     call soltar_nota
0062 117A             80                     call tocar_nota_4
0064 8005             81                     jmp sig_3
0066                  82     suelta_3:
0066 200402           83                     jb tecla_byte_1.4, sig_3 ;Ahora estaba suelta
0069 D204             84                     setb tecla_byte_1.4 ;Marco que ahora esta suelta                        
006B                  85     sig_3:
                      86                      
006B D2A4             87                     setb puerto_teclado_4
006D 22               88                     ret
                      89     
006E                  90     tocar_nota_1:
006E 758004           91                     mov P0, #nota_1
0071 22               92                     ret
0072                  93     tocar_nota_2:
0072 758008           94                     mov P0, #nota_2
0075 22               95                     ret
0076                  96     tocar_nota_3:
0076 758010           97                     mov P0, #nota_3
0079 22               98                     ret
007A                  99     tocar_nota_4:
007A 758020          100                     mov P0, #nota_4
007D 22              101                     ret
                     102     
007E                 103     soltar_nota:
007E 850080          104                     mov P0, 0x00
0081 22              105                     ret
                     106     
                     107     end
A51 MACRO ASSEMBLER  TECSOUN2                                                             10/28/2007 23:27:50 PAGE     3

SYMBOL TABLE LISTING
------ ----- -------


N A M E             T Y P E  V A L U E   ATTRIBUTES

INICIO . . . . . .  C ADDR   0011H   A   
MAS. . . . . . . .  C ADDR   0013H   A   
NOTA_1 . . . . . .  N NUMB   0004H   A   
NOTA_2 . . . . . .  N NUMB   0008H   A   
NOTA_3 . . . . . .  N NUMB   0010H   A   
NOTA_4 . . . . . .  N NUMB   0020H   A   
P0 . . . . . . . .  D ADDR   0080H   A   
P2 . . . . . . . .  D ADDR   00A0H   A   
PUERTO_TECLADO_0 .  B ADDR   00A0H.0 A   
PUERTO_TECLADO_1 .  B ADDR   00A0H.1 A   
PUERTO_TECLADO_2 .  B ADDR   00A0H.2 A   
PUERTO_TECLADO_3 .  B ADDR   00A0H.3 A   
PUERTO_TECLADO_4 .  B ADDR   00A0H.4 A   
PUERTO_TECLADO_5 .  B ADDR   00A0H.5 A   
PUERTO_TECLADO_6 .  B ADDR   00A0H.6 A   
PUERTO_TECLADO_7 .  B ADDR   00A0H.7 A   
REVISAR_TECLADO. .  C ADDR   001DH   A   
SIG_0. . . . . . .  C ADDR   0032H   A   
SIG_1. . . . . . .  C ADDR   0045H   A   
SIG_2. . . . . . .  C ADDR   0058H   A   
SIG_3. . . . . . .  C ADDR   006BH   A   
SOLTAR_NOTA. . . .  C ADDR   007EH   A   
SUELTA_0 . . . . .  C ADDR   002DH   A   
SUELTA_1 . . . . .  C ADDR   0040H   A   
SUELTA_2 . . . . .  C ADDR   0053H   A   
SUELTA_3 . . . . .  C ADDR   0066H   A   
TECLA_BYTE_1 . . .  D ADDR   0020H   A   
TECLA_BYTE_2 . . .  D ADDR   0028H   A   
TOCAR_NOTA_1 . . .  C ADDR   006EH   A   
TOCAR_NOTA_2 . . .  C ADDR   0072H   A   
TOCAR_NOTA_3 . . .  C ADDR   0076H   A   
TOCAR_NOTA_4 . . .  C ADDR   007AH   A   


REGISTER BANK(S) USED: 0 


ASSEMBLY COMPLETE.  0 WARNING(S), 0 ERROR(S)
