A51 MACRO ASSEMBLER  TECLADO                                                              10/29/2007 22:11:24 PAGE     1


MACRO ASSEMBLER A51 V8.00d
OBJECT MODULE PLACED IN teclado.OBJ
ASSEMBLER INVOKED BY: C:\Keil\C51\BIN\A51.EXE teclado.a SET(SMALL) DEBUG EP

LOC  OBJ            LINE     SOURCE

  00A0                 1     puerto_teclado_0 EQU P2.0
  00A1                 2     puerto_teclado_1 EQU P2.1
  00A2                 3     puerto_teclado_2 EQU P2.2
  00A3                 4     puerto_teclado_3 EQU P2.3
  00A4                 5     puerto_teclado_4 EQU P2.4
  00A5                 6     puerto_teclado_5 EQU P2.5
  00A6                 7     puerto_teclado_6 EQU P2.6
  00A7                 8     puerto_teclado_7 EQU P2.7
  0004                 9     nota_1 EQU 0x04
  0008                10     nota_2 EQU 0x08
  0010                11     nota_3 EQU 0x10
  0020                12     nota_4 EQU 0x20
                      13     
----                  14     dseg at 0x28 ;Por bit
0028                  15                     linea_1: ds 1
0029                  16                     linea_2: ds 1
002A                  17                     linea_3: ds 1
002B                  18                     jugar: ds 1 ;Turno. 1: Jugador. 0: Máquina
----                  19     cseg
                      20     
                      21     ;1 ciclo de maquina lleva (1/33 Mhz) * 12 = aprox. 0.3 us
                      22     ;255 movs serían aprox. 80 us
                      23     ;200*255 movs serían aprox 16 ms
                      24     
0000 D2A0             25                     setb puerto_teclado_0 ;Pin para lectura
0002 D2A1             26                     setb puerto_teclado_1 ;Pin para lectura
0004 D2A2             27                     setb puerto_teclado_2 ;Pin para lectura
0006 D2A3             28                     setb puerto_teclado_3 ;Pin para lectura
0008 110C             29     main:   call revisar_teclado
000A 80FC             30                     jmp main
                      31     
000C                  32     revisar_teclado:
000C E52B             33                     MOV A, jugar
000E B40002           34                     CJNE A, #0, saltar_a_fin ;Si no es el turno del jugador, salgo
0011 8002             35                     JMP no_saltar
0013                  36     saltar_a_fin: 
0013 2102             37                     JMP fin
0015                  38     no_saltar:
0015 C2A4             39                     CLR puerto_teclado_4 ;Exploro primera columna
                      40                     
0017 20A014           41                     JB puerto_teclado_0, sig_11 ;Veo si está suelta la tecla (1,1)
                      42                     ;Analizo si ese lugar del tablero ya está ocupado
001A E528             43                     MOV A, linea_1 ;Obtengo la primera fila
001C 75F004           44                     MOV B, #4
001F 84               45                     DIV AB ;Tengo en B los últimos dos bits de fila_1
0020 E5F0             46                     MOV A,B
0022 B40009           47                     CJNE A, #0, sig_11 ;Si no está vacía salgo
0025 E528             48                     MOV A, linea_1 ;Obtengo la primera fila
0027 2401             49                     ADD A, #0x01 ;Está vacía. Pongo 01 en los dos bits de la columna 1
0029 F528             50                     MOV linea_1, A
002B 752B00           51                     MOV jugar, #0
                      52        
002E                  53     sig_11:         
002E 20A114           54                     jb puerto_teclado_1, sig_21 ;Veo si está suelta la tecla (2,1)
                      55                     ;Analizo si ese lugar del tablero ya está ocupado
0031 E529             56                     MOV A, linea_2 ;Obtengo la segunda fila
0033 75F004           57                     MOV B, #4
0036 84               58                     DIV AB ;Tengo en B los últimos dos bits de fila_2
A51 MACRO ASSEMBLER  TECLADO                                                              10/29/2007 22:11:24 PAGE     2

0037 E5F0             59                     MOV A,B
0039 B40009           60                     CJNE A, #0, sig_21 ;Si no está vacía salgo
003C E529             61                     MOV A, linea_2 ;Obtengo la segunda fila
003E 2401             62                     ADD A, #0x01 ;Está vacía. Pongo 01 en los dos bits de la columna 1
0040 F529             63                     MOV linea_2, A
0042 752B00           64                     MOV jugar, #0
                      65     
0045                  66     sig_21:
0045 20A218           67                     jb puerto_teclado_2, sig_31 ;veo si está suelta la tecla (3,1)
                      68                     ;Analizo si ese lugar del tablero ya está ocupado
0048 E52A             69                     MOV A, linea_3 ;Obtengo la tercera fila
004A 75F004           70                     MOV B, #4
004D 84               71                     DIV AB ;Tengo en B los últimos dos bits de fila_3
004E E5F0             72                     MOV A,B
0050 B4000D           73                     CJNE A, #0, sig_31 ;Si no está vacía salgo
0053 E52A             74                     MOV A, linea_3 ;Obtengo la tercera fila
0055 2401             75                     ADD A, #0x01 ;Está vacía. Pongo 01 en los dos bits de la columna 1
0057 F52A             76                     MOV linea_3, A
0059 752B00           77                     MOV jugar, #0
                      78     
005C D2A4             79                     setb puerto_teclado_4 ;Dejo primera columna
005E C2A5             80                     clr puerto_teclado_5 ;Exploro segunda columna
                      81     
0060                  82     sig_31:         
0060 20A016           83                     jb puerto_teclado_0, sig_12 ;Veo si está suelta la tecla (1,2)
                      84                     ;Analizo si ese lugar del tablero ya está ocupado
0063 E528             85                     MOV A, linea_1 ;Obtengo la primera fila
0065 03               86                     RR A
0066 03               87                     RR A
0067 75F004           88                     MOV B, #4
006A 84               89                     DIV AB ;Tengo en B los dos bits del medio de fila_1
006B E5F0             90                     MOV A,B
006D B40009           91                     CJNE A, #0, sig_12 ;Si no está vacía salgo
0070 E528             92                     MOV A, linea_1 ;Obtengo la primera fila
0072 2404             93                     ADD A, #0x04 ;Está vacía. Pongo 01 en los dos bits de la columna 2
0074 F528             94                     MOV linea_1, A
0076 752B00           95                     MOV jugar, #0
                      96     
0079                  97     sig_12:         
0079 20A116           98                     jb puerto_teclado_1, sig_22 ;Veo si está suelta la tecla (2,2)
                      99                     ;Analizo si ese lugar del tablero ya está ocupado
007C E529            100                     MOV A, linea_2 ;Obtengo la segunda fila
007E 03              101                     RR A
007F 03              102                     RR A
0080 75F004          103                     MOV B, #4
0083 84              104                     DIV AB ;Tengo en B los dos bits del medio de fila_2
0084 E5F0            105                     MOV A,B
0086 B40009          106                     CJNE A, #0, sig_22 ;Si no está vacía salgo
0089 E529            107                     MOV A, linea_2 ;Obtengo la segunda fila
008B 2404            108                     ADD A, #0x04 ;Está vacía. Pongo 01 en los dos bits de la columna 2
008D F529            109                     MOV linea_2, A
008F 752B00          110                     MOV jugar, #0
                     111     
0092                 112     sig_22:         
0092 20A21A          113                     jb puerto_teclado_2, sig_32 ;Veo si está suelta la tecla (3,2)
                     114                     ;Analizo si ese lugar del tablero ya está ocupado
0095 E52A            115                     MOV A, linea_3 ;Obtengo la tercera fila
0097 03              116                     RR A
0098 03              117                     RR A
0099 75F004          118                     MOV B, #4
009C 84              119                     DIV AB ;Tengo en B los dos bits del medio de fila_3
009D E5F0            120                     MOV A,B
009F B4000D          121                     CJNE A, #0, sig_32 ;Si no está vacía salgo
00A2 E52A            122                     MOV A, linea_3 ;Obtengo la tercera fila
00A4 2404            123                     ADD A, #0x04 ;Está vacía. Pongo 01 en los dos bits de la columna 2
00A6 F52A            124                     MOV linea_3, A
A51 MACRO ASSEMBLER  TECLADO                                                              10/29/2007 22:11:24 PAGE     3

00A8 752B00          125                     MOV jugar, #0
                     126     
00AB D2A5            127                     setb puerto_teclado_5 ;Dejo segunda columna
00AD C2A6            128                     clr puerto_teclado_6 ;Exploro tercera columna
                     129     
00AF                 130     sig_32:         
00AF 20A018          131                     jb puerto_teclado_0, sig_13 ;Veo si está suelta la tecla (1,3)
                     132                     ;Analizo si ese lugar del tablero ya está ocupado
00B2 E528            133                     MOV A, linea_1 ;Obtengo la primera fila
00B4 03              134                     RR A
00B5 03              135                     RR A
00B6 03              136                     RR A
00B7 03              137                     RR A
00B8 75F004          138                     MOV B, #4
00BB 84              139                     DIV AB ;Tengo en B los primeros dos bits de fila_1
00BC E5F0            140                     MOV A,B
00BE B40009          141                     CJNE A, #0, sig_13 ;Si no está vacía salgo
00C1 E528            142                     MOV A, linea_1 ;Obtengo la primera fila
00C3 2410            143                     ADD A, #0x10 ;Está vacía. Pongo 01 en los dos bits de la columna 3
00C5 F528            144                     MOV linea_1, A
00C7 752B00          145                     MOV jugar, #0
                     146     
00CA                 147     sig_13:         
00CA 20A118          148                     jb puerto_teclado_1, sig_23 ;Veo si está suelta la tecla (2,3)
                     149                     ;Analizo si ese lugar del tablero ya está ocupado
00CD E529            150                     MOV A, linea_2 ;Obtengo la segunda fila
00CF 03              151                     RR A
00D0 03              152                     RR A
00D1 03              153                     RR A
00D2 03              154                     RR A
00D3 75F004          155                     MOV B, #4
00D6 84              156                     DIV AB ;Tengo en B los primeros dos bits de fila_2
00D7 E5F0            157                     MOV A,B
00D9 B40009          158                     CJNE A, #0, sig_23 ;Si no está vacía salgo
00DC E529            159                     MOV A, linea_2 ;Obtengo la segunda fila
00DE 2410            160                     ADD A, #0x10 ;Está vacía. Pongo 01 en los dos bits de la columna 3
00E0 F529            161                     MOV linea_2, A
00E2 752B00          162                     MOV jugar, #0
                     163     
00E5                 164     sig_23:         
00E5 20A218          165                     jb puerto_teclado_2, sig_33 ;Veo si está suelta la tecla (3,3)
                     166                     ;Analizo si ese lugar del tablero ya está ocupado
00E8 E52A            167                     MOV A, linea_3 ;Obtengo la tercera fila
00EA 03              168                     RR A
00EB 03              169                     RR A
00EC 03              170                     RR A
00ED 03              171                     RR A
00EE 75F004          172                     MOV B, #4
00F1 84              173                     DIV AB ;Tengo en B los primeros dos bits de fila_3
00F2 E5F0            174                     MOV A,B
00F4 B40009          175                     CJNE A, #0, sig_33 ;Si no está vacía salgo
00F7 E52A            176                     MOV A, linea_3 ;Obtengo la tercera fila
00F9 2410            177                     ADD A, #0x10 ;Está vacía. Pongo 01 en los dos bits de la columna 3
00FB F52A            178                     MOV linea_3, A
00FD 752B00          179                     MOV jugar, #0
                     180     
0100                 181     sig_33:
0100 D2A6            182                     setb puerto_teclado_6 ;Dejo tercera columna
0102                 183     fin:
0102 22              184                     ret
                     185     
                     186     end
A51 MACRO ASSEMBLER  TECLADO                                                              10/29/2007 22:11:24 PAGE     4

SYMBOL TABLE LISTING
------ ----- -------


N A M E             T Y P E  V A L U E   ATTRIBUTES

B. . . . . . . . .  D ADDR   00F0H   A   
FIN. . . . . . . .  C ADDR   0102H   A   
JUGAR. . . . . . .  D ADDR   002BH   A   
LINEA_1. . . . . .  D ADDR   0028H   A   
LINEA_2. . . . . .  D ADDR   0029H   A   
LINEA_3. . . . . .  D ADDR   002AH   A   
MAIN . . . . . . .  C ADDR   0008H   A   
NOTA_1 . . . . . .  N NUMB   0004H   A   
NOTA_2 . . . . . .  N NUMB   0008H   A   
NOTA_3 . . . . . .  N NUMB   0010H   A   
NOTA_4 . . . . . .  N NUMB   0020H   A   
NO_SALTAR. . . . .  C ADDR   0015H   A   
P2 . . . . . . . .  D ADDR   00A0H   A   
PUERTO_TECLADO_0 .  B ADDR   00A0H.0 A   
PUERTO_TECLADO_1 .  B ADDR   00A0H.1 A   
PUERTO_TECLADO_2 .  B ADDR   00A0H.2 A   
PUERTO_TECLADO_3 .  B ADDR   00A0H.3 A   
PUERTO_TECLADO_4 .  B ADDR   00A0H.4 A   
PUERTO_TECLADO_5 .  B ADDR   00A0H.5 A   
PUERTO_TECLADO_6 .  B ADDR   00A0H.6 A   
PUERTO_TECLADO_7 .  B ADDR   00A0H.7 A   
REVISAR_TECLADO. .  C ADDR   000CH   A   
SALTAR_A_FIN . . .  C ADDR   0013H   A   
SIG_11 . . . . . .  C ADDR   002EH   A   
SIG_12 . . . . . .  C ADDR   0079H   A   
SIG_13 . . . . . .  C ADDR   00CAH   A   
SIG_21 . . . . . .  C ADDR   0045H   A   
SIG_22 . . . . . .  C ADDR   0092H   A   
SIG_23 . . . . . .  C ADDR   00E5H   A   
SIG_31 . . . . . .  C ADDR   0060H   A   
SIG_32 . . . . . .  C ADDR   00AFH   A   
SIG_33 . . . . . .  C ADDR   0100H   A   


REGISTER BANK(S) USED: 0 


ASSEMBLY COMPLETE.  0 WARNING(S), 0 ERROR(S)
